// Jest Snapshot v1, https://goo.gl/fbAQLP

exports[`<RecentsCard /> renders at all 1`] = `
<View
  style={
    Object {
      "backgroundColor": "#374151",
      "borderRadius": 6,
      "display": "flex",
      "flexDirection": "row",
      "justifyContent": "center",
      "marginBottom": 8,
      "marginTop": 8,
      "paddingBottom": 16,
      "paddingLeft": 16,
      "paddingRight": 16,
      "paddingTop": 16,
      "width": "100%",
    }
  }
>
  <Text
    style={
      Object {
        "color": "gray",
        "fontSize": 28,
        "fontWeight": "bold",
      }
    }
  >
    lorem
  </Text>
</View>
`;
